// Vitest Snapshot v1, https://vitest.dev/guide/snapshot.html

exports[`password flow TR copy (BUG-003) > snapshots forgot/setup/reset strings with Turkish diacritics 1`] = `
{
  "forgot": {
    "backToLogin": "Giriş sayfasına dön",
    "badge": "Şifre sıfırlama",
    "description": "Sisteme kayıtlı adresinize şifre değiştirme bağlantısı gönderelim.",
    "heading": "Şifremi unuttum",
    "hint": "Bağlantı ile yeni şifre oluşturabilirsiniz.",
    "sentBadge": "Şifre sıfırlama",
    "sentBody": "Bağlantıya tıkladıktan sonra yeni şifrenizi belirleyebilirsiniz.",
    "sentHeading": "E-postanızı kontrol edin",
    "sentHighlights": [
      "Gelen kutusu ve spam klasörünü kontrol edin",
      "Bağlantı açıldığında yeni şifrenizi belirleyin",
      "Ardından panelinize tekrar giriş yapın",
    ],
    "sentTitle": "E-posta bağlantısı gönderildi.",
    "submit": "Bağlantı gönder",
    "title": "Şifrenizi yenilemek için e-postanızı girin.",
  },
  "reset": {
    "badge": "Yeni şifre",
    "confirmLabel": "Şifre tekrar",
    "description": "Güçlü bir şifre seçin ve eski şifrenizin yerine kaydedin.",
    "heading": "Yeni şifre",
    "hint": "İki alana da aynı şifreyi girin.",
    "passwordLabel": "Yeni şifre",
    "submit": "Şifreyi güncelle",
    "successBadge": "Şifre güncellendi",
    "successBody": "Giriş ekranına dönerek devam edebilirsiniz.",
    "successCta": "Giriş Yap",
    "successDescription": "Artık panelinize yeni şifrenizle güvenli şekilde giriş yapabilirsiniz.",
    "successHeading": "Şifre değişimi tamamlandı",
    "successTitle": "Yeni şifreniz hazır.",
    "title": "Hesabınız için yeni şifre belirleyin.",
  },
  "setup": {
    "backLink": "giriş sayfasına geçin",
    "backPrompt": "Geri dönmek için",
    "badge": "İlk kurulum",
    "confirmLabel": "Şifre tekrar",
    "description": "Davet bağlantısı doğrulandıktan sonra yeni şifrenizi kaydedip panelinize geçebilirsiniz.",
    "heading": "Şifrenizi belirleyin",
    "highlights": [
      "Bağlantı otomatik olarak doğrulanır",
      "Yeni şifre anında aktif olur",
      "Kayıt sonrası doğrudan dashboard açılır",
    ],
    "hint": "Ekip hesabınız için yeni şifre oluşturun.",
    "passwordLabel": "Yeni şifre",
    "submit": "Şifreyi kaydet",
    "title": "Ekip hesabı şifresini belirleyin.",
    "verifying": "Bağlantı doğrulanıyor...",
  },
}
`;
